
======================================================================
  AUTO-CATEGORY MATCHER TEST RESULTS
======================================================================

≡ƒÄ» Matched category: "Shoulder Bags" (score: 17)
1. "Gucci GG Marmont Small Shoulder Bag"
   Vendor: Gucci | Type: bags
   Γ£à Category: Shoulder Bags
   Path: Apparel & Accessories > Handbags, Wallets & Cases > Handbags
   GID: gid://shopify/TaxonomyCategory/aa-5-5-1
   Score: 17 | Source: keyword_match
   Metafields: 5
     - custom.product_type_detail = "Shoulder Bag" (single_line_text_field)
     - custom.brand = "Gucci" (single_line_text_field)
     - custom.auto_categorized = "true" (single_line_text_field)
     - custom.category_match_source = "keyword_match" (single_line_text_field)
     - custom.category_match_score = "17" (number_integer)

≡ƒÄ» Matched category: "Sneakers" (score: 34)
2. "Nike Air Max 90 Sneakers"
   Vendor: Nike | Type: shoes
   Γ£à Category: Sneakers
   Path: Apparel & Accessories > Shoes > Sneakers
   GID: gid://shopify/TaxonomyCategory/aa-8-8
   Score: 34 | Source: keyword_match
   Metafields: 5
     - custom.product_type_detail = "Sneakers" (single_line_text_field)
     - custom.brand = "Nike" (single_line_text_field)
     - custom.auto_categorized = "true" (single_line_text_field)
     - custom.category_match_source = "keyword_match" (single_line_text_field)
     - custom.category_match_score = "34" (number_integer)

≡ƒÄ» Matched category: "Sneakers" (score: 28)
3. "Balenciaga Triple S Trainer"
   Vendor: Balenciaga | Type: sneakers
   Γ£à Category: Sneakers
   Path: Apparel & Accessories > Shoes > Sneakers
   GID: gid://shopify/TaxonomyCategory/aa-8-8
   Score: 28 | Source: keyword_match
   Metafields: 5
     - custom.product_type_detail = "Sneakers" (single_line_text_field)
     - custom.brand = "Balenciaga" (single_line_text_field)
     - custom.auto_categorized = "true" (single_line_text_field)
     - custom.category_match_source = "keyword_match" (single_line_text_field)
     - custom.category_match_score = "28" (number_integer)

≡ƒÄ» Matched category: "Coats & Jackets" (score: 34)
4. "Prada Re-Nylon Bomber Jacket"
   Vendor: Prada | Type: outerwear
   Γ£à Category: Coats & Jackets
   Path: Apparel & Accessories > Clothing > Outerwear > Coats & Jackets
   GID: gid://shopify/TaxonomyCategory/aa-1-9-2
   Score: 34 | Source: keyword_match
   Metafields: 5
     - custom.product_type_detail = "Jacket" (single_line_text_field)
     - custom.brand = "Prada" (single_line_text_field)
     - custom.auto_categorized = "true" (single_line_text_field)
     - custom.category_match_source = "keyword_match" (single_line_text_field)
     - custom.category_match_score = "34" (number_integer)

≡ƒÄ» Matched category: "Belts" (score: 25)
5. "Versace Medusa Head Belt"
   Vendor: Versace | Type: belts
   Γ£à Category: Belts
   Path: Apparel & Accessories > Clothing Accessories > Belts
   GID: gid://shopify/TaxonomyCategory/aa-2-6
   Score: 25 | Source: keyword_match
   Metafields: 5
     - custom.product_type_detail = "Belt" (single_line_text_field)
     - custom.brand = "Versace" (single_line_text_field)
     - custom.auto_categorized = "true" (single_line_text_field)
     - custom.category_match_source = "keyword_match" (single_line_text_field)
     - custom.category_match_score = "25" (number_integer)

≡ƒÄ» Matched category: "Sunglasses" (score: 65)
6. "Ray-Ban Aviator Sunglasses"
   Vendor: Ray-Ban | Type: sunglasses
   Γ£à Category: Sunglasses
   Path: Apparel & Accessories > Clothing Accessories > Sunglasses
   GID: gid://shopify/TaxonomyCategory/aa-2-28
   Score: 65 | Source: keyword_match
   Metafields: 5
     - custom.product_type_detail = "Sunglasses" (single_line_text_field)
     - custom.brand = "Ray-Ban" (single_line_text_field)
     - custom.auto_categorized = "true" (single_line_text_field)
     - custom.category_match_source = "keyword_match" (single_line_text_field)
     - custom.category_match_score = "65" (number_integer)

≡ƒÄ» Matched category: "Watches" (score: 25)
7. "Rolex Submariner Watch"
   Vendor: Rolex | Type: watches
   Γ£à Category: Watches
   Path: Apparel & Accessories > Jewelry > Watches
   GID: gid://shopify/TaxonomyCategory/aa-6-12
   Score: 25 | Source: keyword_match
   Metafields: 5
     - custom.product_type_detail = "Watch" (single_line_text_field)
     - custom.brand = "Rolex" (single_line_text_field)
     - custom.auto_categorized = "true" (single_line_text_field)
     - custom.category_match_source = "keyword_match" (single_line_text_field)
     - custom.category_match_score = "25" (number_integer)

≡ƒÄ» Matched category: "Coats & Jackets" (score: 10)
8. "Saint Laurent Loulou Small Puffer Chain Bag"
   Vendor: Saint Laurent | Type: bags
   Γ£à Category: Coats & Jackets
   Path: Apparel & Accessories > Clothing > Outerwear > Coats & Jackets
   GID: gid://shopify/TaxonomyCategory/aa-1-9-2
   Score: 10 | Source: keyword_match
   Metafields: 5
     - custom.product_type_detail = "Puffer Jacket" (single_line_text_field)
     - custom.brand = "Saint Laurent" (single_line_text_field)
     - custom.auto_categorized = "true" (single_line_text_field)
     - custom.category_match_source = "keyword_match" (single_line_text_field)
     - custom.category_match_score = "10" (number_integer)

≡ƒÄ» Matched category: "Fragrances" (score: 25)
9. "Dior Jadore Eau de Parfum"
   Vendor: Dior | Type: fragrance
   Γ£à Category: Fragrances
   Path: Health & Beauty > Personal Care > Cosmetics
   GID: gid://shopify/TaxonomyCategory/hb-3-2
   Score: 25 | Source: keyword_match
   Metafields: 5
     - custom.product_type_detail = "Fragrance" (single_line_text_field)
     - custom.brand = "Dior" (single_line_text_field)
     - custom.auto_categorized = "true" (single_line_text_field)
     - custom.category_match_source = "keyword_match" (single_line_text_field)
     - custom.category_match_score = "25" (number_integer)

≡ƒÄ» Matched category: "Scarves & Shawls" (score: 25)
10. "Burberry Classic Check Scarf"
   Vendor: Burberry | Type: scarves
   Γ£à Category: Scarves & Shawls
   Path: Apparel & Accessories > Clothing Accessories > Scarves & Shawls
   GID: gid://shopify/TaxonomyCategory/aa-2-27
   Score: 25 | Source: keyword_match
   Metafields: 5
     - custom.product_type_detail = "Scarf" (single_line_text_field)
     - custom.brand = "Burberry" (single_line_text_field)
     - custom.auto_categorized = "true" (single_line_text_field)
     - custom.category_match_source = "keyword_match" (single_line_text_field)
     - custom.category_match_score = "25" (number_integer)

≡ƒÄ» Matched category: "Heels" (score: 44)
11. "Valentino Garavani Rockstud Heels"
   Vendor: Valentino | Type: shoes
   Γ£à Category: Heels
   Path: Apparel & Accessories > Shoes > Heels
   GID: gid://shopify/TaxonomyCategory/aa-8-5
   Score: 44 | Source: keyword_match
   Metafields: 5
     - custom.product_type_detail = "Heels" (single_line_text_field)
     - custom.brand = "Valentino" (single_line_text_field)
     - custom.auto_categorized = "true" (single_line_text_field)
     - custom.category_match_source = "keyword_match" (single_line_text_field)
     - custom.category_match_score = "44" (number_integer)

≡ƒÄ» Matched category: "Coats & Jackets" (score: 34)
12. "Moncler Maya Puffer Jacket"
   Vendor: Moncler | Type: outerwear
   Γ£à Category: Coats & Jackets
   Path: Apparel & Accessories > Clothing > Outerwear > Coats & Jackets
   GID: gid://shopify/TaxonomyCategory/aa-1-9-2
   Score: 34 | Source: keyword_match
   Metafields: 5
     - custom.product_type_detail = "Puffer Jacket" (single_line_text_field)
     - custom.brand = "Moncler" (single_line_text_field)
     - custom.auto_categorized = "true" (single_line_text_field)
     - custom.category_match_source = "keyword_match" (single_line_text_field)
     - custom.category_match_score = "34" (number_integer)

≡ƒÄ» Matched category: "Lingerie" (score: 17)
13. "Cartier Love Bracelet"
   Vendor: Cartier | Type: jewelry
   Γ£à Category: Lingerie
   Path: Apparel & Accessories > Clothing > Lingerie
   GID: gid://shopify/TaxonomyCategory/aa-1-5
   Score: 17 | Source: keyword_match
   Metafields: 5
     - custom.product_type_detail = "Lingerie" (single_line_text_field)
     - custom.brand = "Cartier" (single_line_text_field)
     - custom.auto_categorized = "true" (single_line_text_field)
     - custom.category_match_source = "keyword_match" (single_line_text_field)
     - custom.category_match_score = "17" (number_integer)

≡ƒÄ» Matched category: "Wallets & Money Clips" (score: 25)
14. "Louis Vuitton Monogram Wallet"
   Vendor: Louis Vuitton | Type: wallets
   Γ£à Category: Wallets & Money Clips
   Path: Apparel & Accessories > Handbags, Wallets & Cases > Wallets & Money Clips
   GID: gid://shopify/TaxonomyCategory/aa-5-5-2
   Score: 25 | Source: keyword_match
   Metafields: 5
     - custom.product_type_detail = "Wallet" (single_line_text_field)
     - custom.brand = "Louis Vuitton" (single_line_text_field)
     - custom.auto_categorized = "true" (single_line_text_field)
     - custom.category_match_source = "keyword_match" (single_line_text_field)
     - custom.category_match_score = "25" (number_integer)

≡ƒÄ» Matched category: "Jeans" (score: 19)
15. "Dolce & Gabbana Slim Fit Jeans"
   Vendor: Dolce & Gabbana | Type: clothing
   Γ£à Category: Jeans
   Path: Apparel & Accessories > Clothing > Pants > Jeans
   GID: gid://shopify/TaxonomyCategory/aa-1-11-3
   Score: 19 | Source: keyword_match
   Metafields: 5
     - custom.product_type_detail = "Jeans" (single_line_text_field)
     - custom.brand = "Dolce & Gabbana" (single_line_text_field)
     - custom.auto_categorized = "true" (single_line_text_field)
     - custom.category_match_source = "keyword_match" (single_line_text_field)
     - custom.category_match_score = "19" (number_integer)

======================================================================
  SUMMARY: 15/15 matched, 0 failed
======================================================================

